Unable to find image 'archlinux@sha256:818793c894d94534c22f2149154a39ebaee57e4e67321023b0866a1d5722036c' locally
docker.io/library/archlinux@sha256:818793c894d94534c22f2149154a39ebaee57e4e67321023b0866a1d5722036c: Pulling from library/archlinux
c9ee456ee054: Pulling fs layer
a2610f4936b0: Pulling fs layer
a2610f4936b0: Verifying Checksum
a2610f4936b0: Download complete
c9ee456ee054: Verifying Checksum
c9ee456ee054: Download complete
c9ee456ee054: Pull complete
a2610f4936b0: Pull complete
Digest: sha256:818793c894d94534c22f2149154a39ebaee57e4e67321023b0866a1d5722036c
Status: Downloaded newer image for archlinux@sha256:818793c894d94534c22f2149154a39ebaee57e4e67321023b0866a1d5722036c
==> Generating pacman master key. This may take some time.
gpg: Generating pacman keyring master key...
gpg: revocation certificate stored as '/etc/pacman.d/gnupg/openpgp-revocs.d/941FD4047E26CCD224DB384E12E93A81644ED0E5.rev'
gpg: Done
==> Updating trust database...
gpg: Note: third-party key signatures using the SHA1 algorithm are rejected
gpg: (use option "--allow-weak-key-signatures" to override)
gpg: marginals needed: 3  completes needed: 1  trust model: pgp
gpg: depth: 0  valid:   2  signed:   5  trust: 0-, 0q, 0n, 0m, 0f, 2u
gpg: depth: 1  valid:   5  signed:  88  trust: 0-, 0q, 0n, 5m, 0f, 0u
gpg: depth: 2  valid:  77  signed:  18  trust: 77-, 0q, 0n, 0m, 0f, 0u
gpg: next trustdb check due at 2026-10-21
==> Appending keys from archlinux.gpg...
==> Locally signing trusted keys in keyring...
  -> Locally signed 5 keys.
==> Importing owner trust values...
==> Updating trust database...
gpg: Note: third-party key signatures using the SHA1 algorithm are rejected
gpg: (use option "--allow-weak-key-signatures" to override)
gpg: marginals needed: 3  completes needed: 1  trust model: pgp
gpg: depth: 0  valid:   2  signed:   5  trust: 0-, 0q, 0n, 0m, 0f, 2u
gpg: depth: 1  valid:   5  signed:  88  trust: 0-, 0q, 0n, 5m, 0f, 0u
gpg: depth: 2  valid:  77  signed:  18  trust: 77-, 0q, 0n, 0m, 0f, 0u
gpg: next trustdb check due at 2026-10-21
:: Synchronizing package databases...
 core downloading...
 extra downloading...
warning: ca-certificates-20240618-1 is up to date -- skipping
:: Starting full system upgrade...
warning: shadow-4.20.0.arch1-1 is up to date -- skipping
resolving dependencies...
looking for conflicting packages...

Package (15)            Old Version  New Version  Net Change  Download Size

core/archlinux-keyring  20260727-1   20260902-1     0.00 MiB       1.21 MiB
core/curl               8.21.0-1     8.22.0-1       0.04 MiB       1.30 MiB
core/expat              2.8.3-1      2.8.4-1        0.01 MiB       0.13 MiB
core/gpgme              2.1.2-1      2.2.0-1        0.00 MiB       0.32 MiB
core/libnftnl           1.3.1-1      1.3.2-1        0.01 MiB       0.08 MiB
core/libxml2            2.15.3-1     2.15.4-1       0.07 MiB       0.78 MiB
extra/nftables          1:1.1.6-3    1:1.1.7-3      0.04 MiB       0.44 MiB
extra/oniguruma                      6.9.10-1       0.88 MiB       0.22 MiB
core/pcre2              10.47-1      10.48-1        0.11 MiB       1.70 MiB
core/util-linux-libs    2.42.2-1     2.42.3-1       0.00 MiB       0.52 MiB
core/diffutils                       3.12-2         1.50 MiB       0.33 MiB
extra/jq                             1.8.2-1        0.47 MiB       0.20 MiB
core/sudo                            1.9.17.p2-6    7.85 MiB       1.86 MiB
core/util-linux         2.42.2-1     2.42.3-1       0.17 MiB       6.35 MiB
extra/zsh                            5.9.2-1        6.94 MiB       2.31 MiB

Total Download Size:   17.75 MiB
Total Installed Size:  55.76 MiB
Net Upgrade Size:      18.10 MiB

:: Proceed with installation? [Y/n] 
:: Retrieving packages...
 util-linux-2.42.3-1-x86_64 downloading...
 zsh-5.9.2-1-x86_64 downloading...
 sudo-1.9.17.p2-6-x86_64 downloading...
 pcre2-10.48-1-x86_64 downloading...
 curl-8.22.0-1-x86_64 downloading...
 archlinux-keyring-20260902-1-any downloading...
 libxml2-2.15.4-1-x86_64 downloading...
 util-linux-libs-2.42.3-1-x86_64 downloading...
 nftables-1:1.1.7-3-x86_64 downloading...
 diffutils-3.12-2-x86_64 downloading...
 gpgme-2.2.0-1-x86_64 downloading...
 oniguruma-6.9.10-1-x86_64 downloading...
 jq-1.8.2-1-x86_64 downloading...
 expat-2.8.4-1-x86_64 downloading...
 libnftnl-1.3.2-1-x86_64 downloading...
checking keyring...
checking package integrity...
loading package files...
checking for file conflicts...
:: Processing package changes...
upgrading util-linux-libs...
installing sudo...
upgrading pcre2...
installing zsh...
Optional dependencies for zsh
    grml-zsh-config: grml's zsh setup
    zsh-autosuggestions: Fish-like autosuggestions for zsh
    zsh-completions: Additional completion definitions for Zsh
    zsh-doc: Info, HTML and PDF format of the ZSH documentation
    zsh-history-substring-search: ZSH port of Fish history search (up arrow)
    zsh-lovers: A collection of tips, tricks and examples for the Z shell.
    zsh-syntax-highlighting: Fish shell like syntax highlighting for Zsh
    zshdb: A debugger for zsh scripts
installing oniguruma...
installing jq...
upgrading util-linux...
installing diffutils...
upgrading curl...
upgrading gpgme...
upgrading libxml2...
upgrading expat...
upgrading archlinux-keyring...
==> Appending keys from archlinux.gpg...
==> Updating trust database...
gpg: next trustdb check due at 2026-10-21
upgrading libnftnl...
upgrading nftables...
:: Running post-transaction hooks...
(1/6) Creating system user accounts...
(2/6) Creating temporary files...
/usr/lib/tmpfiles.d/journal-nocow.conf:26: Failed to resolve specifier: uninitialized /etc/ detected, skipping.
All rules containing unresolvable specifiers will be skipped.
(3/6) Reloading system manager configuration...
  Skipped: Current root is not booted.
(4/6) Enqueuing marked services...
  Skipped: Current root is not booted.
(5/6) Reloading device manager configuration...
  Skipped: Current root is not booted.
(6/6) Arming ConditionNeedsUpdate...
/etc/sudoers.d/dotfiles-platform-qa: parsed OK
true
true
DOTFILES_ARCH_QA_EXECUTED mode=update
update evidence=no-op version=0.74.3-1
true
true
/home/qa/.zshrc: OK
--- PASS: TestGeneratedOptionsAreAcceptedByInstalledFzf (0.01s)
DOTFILES_ARCH_PLATFORM_EXECUTED cases=7 update=no-op
