:: Synchronizing package databases...
 core downloading...
 extra downloading...
:: Starting full system upgrade...
warning: fzf-0.74.3-1 is up to date -- reinstalling
resolving dependencies...
looking for conflicting packages...

Package (1)  Old Version  New Version  Net Change

extra/fzf    0.74.3-1     0.74.3-1       0.00 MiB

Total Installed Size:  4.92 MiB
Net Upgrade Size:      0.00 MiB

:: Proceed with installation? [Y/n] 
checking keyring...
checking package integrity...
loading package files...
checking for file conflicts...
:: Processing package changes...
reinstalling fzf...
:: Running post-transaction hooks...
(1/1) Arming ConditionNeedsUpdate...
receipt status=fzf version=0.74.3-1
update evidence=no-op version=0.74.3-1
DOTFILES_ARCH_QA_EXECUTED mode=update
