{
  "result": "passed",
  "binary_sha256": "bdc04989f982450a8a479671fc19d31265da2525745911b09674a54c16da94f8",
  "platform": "Darwin arm64",
  "checks": [
    "TUI convenience backup captures eight real synthetic config files in manifest",
    "TUI restore cancellation preserves all modified files",
    "TUI confirmed restore recovers all eight bytes and POSIX modes; backup payload unchanged",
    "TUI delete cancellation preserves full backup",
    "Restore action remains visible at 40x14; Backups heading returns at 100x32 and 80x24",
    "TUI Ctrl-C exits zero",
    "CLI restores TUI-created backup: eight file bytes and modes",
    "CLI uninstall restores latest backup and retains complete backup/config state",
    "CLI reports partial failure for symlink destination; target and recovery data preserved",
    "Incomplete backup makes uninstall fail; available recovery data and unrestorable live file survive",
    "Legacy directory CLI restore recovers nested bytes/modes, removes extra descendants and absent-before directory"
  ],
  "isolation": "Private fresh HOME/XDG_CONFIG_HOME/XDG_STATE_HOME; empty PATH; synthetic config only",
  "limits": [
    "At 40x14 only Backups details/footer are visible; full listing/header are clipped",
    "No owner account config or package mutations",
    "No macOS VM/spare-Mac disk snapshot recovery; required owner install/apply gate remains unfulfilled",
    "PTY emulation does not verify GUI-terminal font, mouse, animation or physical appearance",
    "No ACL, xattr, file flags, hardlink topology or timestamps preservation claim",
    "No Arch or Raspberry Pi runtime covered by this harness"
  ],
  "synthetic_home": "/var/folders/nj/yy_m0fqn0h17kjf0nq779nhh0000gn/T/dotfiles-recovery-acceptance-669nn1s9"
}
