]11;?\[6n[?25l[?1049h[2J[H[?25l[?2004h[?1002h[?1006h[H1 Manage  2 Users  3 Hotkeys  4 Update  5 Backups[K
[K
[K
TOOLS • SETTINGS via Tab[K
[K
[K
[K
[K
▸ [GLOBAL] Global • installed[K
  [SYS] btop • status unknown[K
  [SYS] Zsh • status unknown[K
  [TERM] Ghostty • installed[K
  [TERM] Tmux • status unknown[K
  [EDIT] Cursor • installed[K
  [EDIT] Neovim • status unknown[K
  [FILE] Yazi • status unknown[K
  [DEV] Delta • status unknown[K
  [DEV] Git • status unknown[K
  [DEV] LazyDocker • status unknown[K
  [DEV] LazyGit • status unknown[K
[K
[K
[K
Tab settings • ↑↓ move • Enter settings • Esc back • q quit[K[24;H[H[48;2;48;50;68m [0m[38;2;166;173;200;48;2;48;50;68m1 󰒓 Manage[0m[48;2;48;50;68m [0m[38;2;88;91;112m [0m[48;2;137;179;250m [0m[1;38;2;30;30;46;48;2;137;179;250m2 󰀄 Users[0m[48;2;137;179;250m [0m[38;2;88;91;112m [0m[48;2;48;50;68m [0m[38;2;166;173;200;48;2;48;50;68m3 󰌌 Hotkeys[0m[48;2;48;50;68m [0m[38;2;88;91;112m [0m[48;2;48;50;68m [0m[38;2;166;173;200;48;2;48;50;68m4 󰚰 Update[0m[48;2;48;50;68m [0m[38;2;88;91;112m [0m[48;2;48;50;68m [0m[38;2;166;173;200;48;2;48;50;68m5 󰁯 Backups[0m[48;2;48;50;68m [0m               
 [1;38;2;137;179;250mUser Profiles[0m            [38;2;88;91;112m│[0m                                                     
[38;2;88;91;112m──────────────────────────[0m[38;2;88;91;112m│[0m [3;38;2;166;173;200mSelect a user to view settings[0m                      
                          [38;2;88;91;112m│[0m                                                     
 [3;38;2;166;173;200mNo user profiles.[0m        [38;2;88;91;112m│[0m                                                     
                          [38;2;88;91;112m│[0m                                                     
                          [38;2;88;91;112m│[0m                                                     
 [3;38;2;166;173;200mPress 'n' to create one.[0m [38;2;88;91;112m│[0m                                                     
                          [38;2;88;91;112m│[0m                                                     
                          [38;2;88;91;112m│[0m                                                     
                          [38;2;88;91;112m│[0m                                                     
                          [38;2;88;91;112m│[0m                                                     
                          [38;2;88;91;112m│[0m                                                     
                          [38;2;88;91;112m│[0m                                                     
                          [38;2;88;91;112m│[0m                                                     
                          [38;2;88;91;112m│[0m                                                     
                          [38;2;88;91;112m│[0m                                                     
                          [38;2;88;91;112m│[0m                                                     
                          [38;2;88;91;112m│[0m                                                     
                          [38;2;88;91;112m│[0m                                                     
                          [38;2;88;91;112m│[0m                                                     
                          [38;2;88;91;112m[0m                                                      
 [38;2;166;173;200mn:new  d:delete  s:save  r:refresh  Tab:switch pane  q:back[0m                    [J[23;H[H[48;2;48;50;68m [0m[38;2;166;173;200;48;2;48;50;68m1 󰒓 Manage[0m[48;2;48;50;68m [0m[38;2;88;91;112m [0m[48;2;48;50;68m [0m[38;2;166;173;200;48;2;48;50;68m2 󰀄 Users[0m[48;2;48;50;68m [0m[38;2;88;91;112m [0m[48;2;137;179;250m [0m[1;38;2;30;30;46;48;2;137;179;250m3 󰌌 Hotkeys[0m[48;2;137;179;250m [0m[38;2;88;91;112m [0m[48;2;48;50;68m [0m[38;2;166;173;200;48;2;48;50;68m4 󰚰 Update[0m[48;2;48;50;68m [0m[38;2;88;91;112m [0m[48;2;48;50;68m [0m[38;2;166;173;200;48;2;48;50;68m5 󰁯 Backups[0m[48;2;48;50;68m [0m               
[38;2;166;173;200m[38;2;203;166;247m⣟[0m Cheatsheets + keybindings (matches manager)[0m                                   
[2;38;2;88;91;112m─[0m[2;38;2;88;91;112m─[0m[2;38;2;88;91;112m─[0m[2;38;2;88;91;112m─[0m[2;38;2;88;91;112m─[0m[2;38;2;88;91;112m─[0m[2;38;2;88;91;112m─[0m[2;38;2;88;91;112m─[0m[2;38;2;88;91;112m─[0m[2;38;2;88;91;112m─[0m[2;38;2;88;91;112m─[0m[2;38;2;88;91;112m─[0m[2;38;2;88;91;112m─[0m[2;38;2;88;91;112m─[0m[2;38;2;88;91;112m─[0m[2;38;2;88;91;112m─[0m[2;38;2;88;91;112m─[0m[2;38;2;88;91;112m─[0m[2;38;2;88;91;112m─[0m[38;2;137;220;235m─[0m[38;2;203;166;247m─[0m[38;2;137;179;250m─[0m[38;2;137;220;235m─[0m[38;2;203;166;247m─[0m[38;2;137;179;250m─[0m[38;2;137;220;235m─[0m[38;2;203;166;247m─[0m[2;38;2;88;91;112m─[0m[2;38;2;88;91;112m─[0m[2;38;2;88;91;112m─[0m[2;38;2;88;91;112m─[0m[2;38;2;88;91;112m─[0m[2;38;2;88;91;112m─[0m[2;38;2;88;91;112m─[0m[2;38;2;88;91;112m─[0m[2;38;2;88;91;112m─[0m[2;38;2;88;91;112m─[0m[2;38;2;88;91;112m─[0m[2;38;2;88;91;112m─[0m[2;38;2;88;91;112m─[0m[2;38;2;88;91;112m─[0m[2;38;2;88;91;112m─[0m[2;38;2;88;91;112m─[0m[2;38;2;88;91;112m─[0m[2;38;2;88;91;112m─[0m[2;38;2;88;91;112m─[0m[2;38;2;88;91;112m─[0m[2;38;2;88;91;112m─[0m[2;38;2;88;91;112m─[0m[2;38;2;88;91;112m─[0m[2;38;2;88;91;112m─[0m[2;38;2;88;91;112m─[0m[2;38;2;88;91;112m─[0m[2;38;2;88;91;112m─[0m[2;38;2;88;91;112m─[0m[2;38;2;88;91;112m─[0m[2;38;2;88;91;112m─[0m[2;38;2;88;91;112m─[0m[2;38;2;88;91;112m─[0m[2;38;2;88;91;112m─[0m[2;38;2;88;91;112m─[0m[2;38;2;88;91;112m─[0m[2;38;2;88;91;112m─[0m[2;38;2;88;91;112m─[0m[2;38;2;88;91;112m─[0m[2;38;2;88;91;112m─[0m[2;38;2;88;91;112m─[0m[2;38;2;88;91;112m─[0m[2;38;2;88;91;112m─[0m[2;38;2;88;91;112m─[0m[2;38;2;88;91;112m─[0m[2;38;2;88;91;112m─[0m[2;38;2;88;91;112m─[0m[2;38;2;88;91;112m─[0m[2;38;2;88;91;112m─[0m[2;38;2;88;91;112m─[0m[2;38;2;88;91;112m─[0m[2;38;2;88;91;112m─[0m[2;38;2;88;91;112m─[0m[2;38;2;88;91;112m─[0m
[38;2;137;179;250m╭────────────────────────╮[0m [38;2;88;91;112m╭───────────────────────────────────────────────────╮[0m
[38;2;137;179;250m│[0m                        [38;2;137;179;250m│[0m [38;2;88;91;112m│[0m                                                   [38;2;88;91;112m│[0m
[38;2;137;179;250m│[0m [1;38;2;203;166;247mCATEGORIES[0m             [38;2;137;179;250m│[0m [38;2;88;91;112m│[0m [1;38;2;203;166;247mITEMS[0m                                             [38;2;88;91;112m│[0m
[38;2;137;179;250m│[0m [38;2;166;173;200m22 sections[0m            [38;2;137;179;250m│[0m [38;2;88;91;112m│[0m [38;2;166;173;200m Tmux[0m                                             [38;2;88;91;112m│[0m
[38;2;137;179;250m│[0m                        [38;2;137;179;250m│[0m [38;2;88;91;112m│[0m                                                   [38;2;88;91;112m│[0m
[38;2;137;179;250m│[0m [48;2;69;71;89m[1;38;2;137;179;250m▸ [0m [1;38;2;137;179;250mTmux[0m           [48;2;69;71;89m [0m[38;2;205;214;243;48;2;69;71;89m25[0m[48;2;69;71;89m [0m[0m [38;2;137;179;250m│[0m [38;2;88;91;112m│[0m [48;2;69;71;89m  [1;38;2;137;179;250m> [0m[1;38;2;249;226;175mPrefix + |[0m       [1;38;2;137;179;250mSplit pane vertically[0m[0m[48;2;69;71;89m       [0m [38;2;88;91;112m│[0m
[38;2;137;179;250m│[0m    [38;2;205;214;243mZsh (emacs/Ma…[0m  [48;2;69;71;89m [0m[38;2;205;214;243;48;2;69;71;89m5[0m[48;2;69;71;89m [0m [38;2;137;179;250m│[0m [38;2;88;91;112m│[0m     [1;38;2;249;226;175mPrefix + -[0m       [38;2;205;214;243mSplit pane horizontally[0m      [38;2;88;91;112m│[0m
[38;2;137;179;250m│[0m   󰉋 [38;2;205;214;243mYazi[0m          [48;2;69;71;89m [0m[38;2;205;214;243;48;2;69;71;89m10[0m[48;2;69;71;89m [0m [38;2;137;179;250m│[0m [38;2;88;91;112m│[0m     [1;38;2;249;226;175mAlt-Arrow[0m        [38;2;205;214;243mNavigate panes[0m               [38;2;88;91;112m│[0m
[38;2;137;179;250m│[0m   󰍉 [38;2;205;214;243mfzf[0m            [48;2;69;71;89m [0m[38;2;205;214;243;48;2;69;71;89m4[0m[48;2;69;71;89m [0m [38;2;137;179;250m│[0m [38;2;88;91;112m│[0m     [1;38;2;249;226;175mPrefix + H/J/K/L[0m [38;2;205;214;243mResize panes[0m                 [38;2;88;91;112m│[0m
[38;2;137;179;250m│[0m   󰆍 [38;2;205;214;243mGhostty[0m        [48;2;69;71;89m [0m[38;2;205;214;243;48;2;69;71;89m5[0m[48;2;69;71;89m [0m [38;2;137;179;250m│[0m [38;2;88;91;112m│[0m     [1;38;2;249;226;175mPrefix + z[0m       [38;2;205;214;243mToggle pane zoom[0m             [38;2;88;91;112m│[0m
[38;2;137;179;250m│[0m    [38;2;205;214;243mNeovim[0m         [48;2;69;71;89m [0m[38;2;205;214;243;48;2;69;71;89m11[0m[48;2;69;71;89m [0m [38;2;137;179;250m│[0m [38;2;88;91;112m│[0m     [1;38;2;249;226;175mPrefix + x[0m       [38;2;205;214;243mClose current pane[0m           [38;2;88;91;112m│[0m
[38;2;137;179;250m│[0m   󰊢 [38;2;205;214;243mLazyGit[0m       [48;2;69;71;89m [0m[38;2;205;214;243;48;2;69;71;89m10[0m[48;2;69;71;89m [0m [38;2;137;179;250m│[0m [38;2;88;91;112m│[0m     [1;38;2;249;226;175mPrefix + ![0m       [38;2;205;214;243mConvert pane to window[0m       [38;2;88;91;112m│[0m
[38;2;137;179;250m│[0m   󰙅 [38;2;205;214;243meza[0m            [48;2;69;71;89m [0m[38;2;205;214;243;48;2;69;71;89m4[0m[48;2;69;71;89m [0m [38;2;137;179;250m│[0m [38;2;88;91;112m│[0m     [1;38;2;249;226;175mPrefix + q[0m       [38;2;205;214;243mShow pane numbers[0m            [38;2;88;91;112m│[0m
[38;2;137;179;250m│[0m   󰄛 [38;2;205;214;243mzoxide[0m         [48;2;69;71;89m [0m[38;2;205;214;243;48;2;69;71;89m3[0m[48;2;69;71;89m [0m [38;2;137;179;250m│[0m [38;2;88;91;112m│[0m     [1;38;2;249;226;175mPrefix + {/}[0m     [38;2;205;214;243mSwap pane left/right[0m         [38;2;88;91;112m│[0m
[38;2;137;179;250m│[0m   󰒓 [38;2;205;214;243mDotfiles[0m       [48;2;69;71;89m [0m[38;2;205;214;243;48;2;69;71;89m5[0m[48;2;69;71;89m [0m [38;2;137;179;250m│[0m [38;2;88;91;112m│[0m     [1;38;2;249;226;175mPrefix + c[0m       [38;2;205;214;243mNew window[0m                   [38;2;88;91;112m│[0m
[38;2;137;179;250m│[0m    [38;2;205;214;243mGit[0m            [48;2;69;71;89m [0m[38;2;205;214;243;48;2;69;71;89m10[0m[48;2;69;71;89m [0m [38;2;137;179;250m│[0m [38;2;88;91;112m│[0m     [1;38;2;249;226;175mPrefix + n/p[0m     [38;2;205;214;243mNext/previous window[0m         [38;2;88;91;112m│[0m
[38;2;137;179;250m│[0m                        [38;2;137;179;250m│[0m [38;2;88;91;112m│[0m                                                   [38;2;88;91;112m│[0m
[38;2;137;179;250m╰────────────────────────╯[0m [38;2;88;91;112m╰───────────────────────────────────────────────────╯[0m
[38;2;166;173;200mTab pane  ↑↓ move  ←→ switch  f favorite  F filter  a add alias[0m                 
[38;2;166;173;200mClick select  Scroll  Esc back  q quit[0m                                          
[38;2;166;173;200m Tmux — 25 items[0m                                                                [24;H[H
[38;2;166;173;200m[38;2;203;166;247m⣯[0m Cheatsheets + keybindings (matches manager)[0m                                   
[2;38;2;88;91;112m─[0m[2;38;2;88;91;112m─[0m[2;38;2;88;91;112m─[0m[2;38;2;88;91;112m─[0m[2;38;2;88;91;112m─[0m[2;38;2;88;91;112m─[0m[2;38;2;88;91;112m─[0m[2;38;2;88;91;112m─[0m[2;38;2;88;91;112m─[0m[2;38;2;88;91;112m─[0m[2;38;2;88;91;112m─[0m[2;38;2;88;91;112m─[0m[2;38;2;88;91;112m─[0m[2;38;2;88;91;112m─[0m[2;38;2;88;91;112m─[0m[2;38;2;88;91;112m─[0m[2;38;2;88;91;112m─[0m[2;38;2;88;91;112m─[0m[2;38;2;88;91;112m─[0m[2;38;2;88;91;112m─[0m[38;2;137;179;250m─[0m[38;2;137;220;235m─[0m[38;2;203;166;247m─[0m[38;2;137;179;250m─[0m[38;2;137;220;235m─[0m[38;2;203;166;247m─[0m[38;2;137;179;250m─[0m[38;2;137;220;235m─[0m[2;38;2;88;91;112m─[0m[2;38;2;88;91;112m─[0m[2;38;2;88;91;112m─[0m[2;38;2;88;91;112m─[0m[2;38;2;88;91;112m─[0m[2;38;2;88;91;112m─[0m[2;38;2;88;91;112m─[0m[2;38;2;88;91;112m─[0m[2;38;2;88;91;112m─[0m[2;38;2;88;91;112m─[0m[2;38;2;88;91;112m─[0m[2;38;2;88;91;112m─[0m[2;38;2;88;91;112m─[0m[2;38;2;88;91;112m─[0m[2;38;2;88;91;112m─[0m[2;38;2;88;91;112m─[0m[2;38;2;88;91;112m─[0m[2;38;2;88;91;112m─[0m[2;38;2;88;91;112m─[0m[2;38;2;88;91;112m─[0m[2;38;2;88;91;112m─[0m[2;38;2;88;91;112m─[0m[2;38;2;88;91;112m─[0m[2;38;2;88;91;112m─[0m[2;38;2;88;91;112m─[0m[2;38;2;88;91;112m─[0m[2;38;2;88;91;112m─[0m[2;38;2;88;91;112m─[0m[2;38;2;88;91;112m─[0m[2;38;2;88;91;112m─[0m[2;38;2;88;91;112m─[0m[2;38;2;88;91;112m─[0m[2;38;2;88;91;112m─[0m[2;38;2;88;91;112m─[0m[2;38;2;88;91;112m─[0m[2;38;2;88;91;112m─[0m[2;38;2;88;91;112m─[0m[2;38;2;88;91;112m─[0m[2;38;2;88;91;112m─[0m[2;38;2;88;91;112m─[0m[2;38;2;88;91;112m─[0m[2;38;2;88;91;112m─[0m[2;38;2;88;91;112m─[0m[2;38;2;88;91;112m─[0m[2;38;2;88;91;112m─[0m[2;38;2;88;91;112m─[0m[2;38;2;88;91;112m─[0m[2;38;2;88;91;112m─[0m[2;38;2;88;91;112m─[0m[2;38;2;88;91;112m─[0m[2;38;2;88;91;112m─[0m[2;38;2;88;91;112m─[0m




















[24;H[H

[2;38;2;88;91;112m─[0m[2;38;2;88;91;112m─[0m[2;38;2;88;91;112m─[0m[2;38;2;88;91;112m─[0m[2;38;2;88;91;112m─[0m[2;38;2;88;91;112m─[0m[2;38;2;88;91;112m─[0m[2;38;2;88;91;112m─[0m[2;38;2;88;91;112m─[0m[2;38;2;88;91;112m─[0m[2;38;2;88;91;112m─[0m[2;38;2;88;91;112m─[0m[2;38;2;88;91;112m─[0m[2;38;2;88;91;112m─[0m[2;38;2;88;91;112m─[0m[2;38;2;88;91;112m─[0m[2;38;2;88;91;112m─[0m[2;38;2;88;91;112m─[0m[2;38;2;88;91;112m─[0m[2;38;2;88;91;112m─[0m[2;38;2;88;91;112m─[0m[38;2;203;166;247m─[0m[38;2;137;179;250m─[0m[38;2;137;220;235m─[0m[38;2;203;166;247m─[0m[38;2;137;179;250m─[0m[38;2;137;220;235m─[0m[38;2;203;166;247m─[0m[38;2;137;179;250m─[0m[2;38;2;88;91;112m─[0m[2;38;2;88;91;112m─[0m[2;38;2;88;91;112m─[0m[2;38;2;88;91;112m─[0m[2;38;2;88;91;112m─[0m[2;38;2;88;91;112m─[0m[2;38;2;88;91;112m─[0m[2;38;2;88;91;112m─[0m[2;38;2;88;91;112m─[0m[2;38;2;88;91;112m─[0m[2;38;2;88;91;112m─[0m[2;38;2;88;91;112m─[0m[2;38;2;88;91;112m─[0m[2;38;2;88;91;112m─[0m[2;38;2;88;91;112m─[0m[2;38;2;88;91;112m─[0m[2;38;2;88;91;112m─[0m[2;38;2;88;91;112m─[0m[2;38;2;88;91;112m─[0m[2;38;2;88;91;112m─[0m[2;38;2;88;91;112m─[0m[2;38;2;88;91;112m─[0m[2;38;2;88;91;112m─[0m[2;38;2;88;91;112m─[0m[2;38;2;88;91;112m─[0m[2;38;2;88;91;112m─[0m[2;38;2;88;91;112m─[0m[2;38;2;88;91;112m─[0m[2;38;2;88;91;112m─[0m[2;38;2;88;91;112m─[0m[2;38;2;88;91;112m─[0m[2;38;2;88;91;112m─[0m[2;38;2;88;91;112m─[0m[2;38;2;88;91;112m─[0m[2;38;2;88;91;112m─[0m[2;38;2;88;91;112m─[0m[2;38;2;88;91;112m─[0m[2;38;2;88;91;112m─[0m[2;38;2;88;91;112m─[0m[2;38;2;88;91;112m─[0m[2;38;2;88;91;112m─[0m[2;38;2;88;91;112m─[0m[2;38;2;88;91;112m─[0m[2;38;2;88;91;112m─[0m[2;38;2;88;91;112m─[0m[2;38;2;88;91;112m─[0m[2;38;2;88;91;112m─[0m[2;38;2;88;91;112m─[0m[2;38;2;88;91;112m─[0m[2;38;2;88;91;112m─[0m[2;38;2;88;91;112m─[0m




















[24;H[H
[38;2;166;173;200m[38;2;203;166;247m⣷[0m Cheatsheets + keybindings (matches manager)[0m                                   
[2;38;2;88;91;112m─[0m[2;38;2;88;91;112m─[0m[2;38;2;88;91;112m─[0m[2;38;2;88;91;112m─[0m[2;38;2;88;91;112m─[0m[2;38;2;88;91;112m─[0m[2;38;2;88;91;112m─[0m[2;38;2;88;91;112m─[0m[2;38;2;88;91;112m─[0m[2;38;2;88;91;112m─[0m[2;38;2;88;91;112m─[0m[2;38;2;88;91;112m─[0m[2;38;2;88;91;112m─[0m[2;38;2;88;91;112m─[0m[2;38;2;88;91;112m─[0m[2;38;2;88;91;112m─[0m[2;38;2;88;91;112m─[0m[2;38;2;88;91;112m─[0m[2;38;2;88;91;112m─[0m[2;38;2;88;91;112m─[0m[2;38;2;88;91;112m─[0m[2;38;2;88;91;112m─[0m[38;2;137;220;235m─[0m[38;2;203;166;247m─[0m[38;2;137;179;250m─[0m[38;2;137;220;235m─[0m[38;2;203;166;247m─[0m[38;2;137;179;250m─[0m[38;2;137;220;235m─[0m[38;2;203;166;247m─[0m[2;38;2;88;91;112m─[0m[2;38;2;88;91;112m─[0m[2;38;2;88;91;112m─[0m[2;38;2;88;91;112m─[0m[2;38;2;88;91;112m─[0m[2;38;2;88;91;112m─[0m[2;38;2;88;91;112m─[0m[2;38;2;88;91;112m─[0m[2;38;2;88;91;112m─[0m[2;38;2;88;91;112m─[0m[2;38;2;88;91;112m─[0m[2;38;2;88;91;112m─[0m[2;38;2;88;91;112m─[0m[2;38;2;88;91;112m─[0m[2;38;2;88;91;112m─[0m[2;38;2;88;91;112m─[0m[2;38;2;88;91;112m─[0m[2;38;2;88;91;112m─[0m[2;38;2;88;91;112m─[0m[2;38;2;88;91;112m─[0m[2;38;2;88;91;112m─[0m[2;38;2;88;91;112m─[0m[2;38;2;88;91;112m─[0m[2;38;2;88;91;112m─[0m[2;38;2;88;91;112m─[0m[2;38;2;88;91;112m─[0m[2;38;2;88;91;112m─[0m[2;38;2;88;91;112m─[0m[2;38;2;88;91;112m─[0m[2;38;2;88;91;112m─[0m[2;38;2;88;91;112m─[0m[2;38;2;88;91;112m─[0m[2;38;2;88;91;112m─[0m[2;38;2;88;91;112m─[0m[2;38;2;88;91;112m─[0m[2;38;2;88;91;112m─[0m[2;38;2;88;91;112m─[0m[2;38;2;88;91;112m─[0m[2;38;2;88;91;112m─[0m[2;38;2;88;91;112m─[0m[2;38;2;88;91;112m─[0m[2;38;2;88;91;112m─[0m[2;38;2;88;91;112m─[0m[2;38;2;88;91;112m─[0m[2;38;2;88;91;112m─[0m[2;38;2;88;91;112m─[0m[2;38;2;88;91;112m─[0m[2;38;2;88;91;112m─[0m[2;38;2;88;91;112m─[0m[2;38;2;88;91;112m─[0m




















[24;H[H

[2;38;2;88;91;112m─[0m[2;38;2;88;91;112m─[0m[2;38;2;88;91;112m─[0m[2;38;2;88;91;112m─[0m[2;38;2;88;91;112m─[0m[2;38;2;88;91;112m─[0m[2;38;2;88;91;112m─[0m[2;38;2;88;91;112m─[0m[2;38;2;88;91;112m─[0m[2;38;2;88;91;112m─[0m[2;38;2;88;91;112m─[0m[2;38;2;88;91;112m─[0m[2;38;2;88;91;112m─[0m[2;38;2;88;91;112m─[0m[2;38;2;88;91;112m─[0m[2;38;2;88;91;112m─[0m[2;38;2;88;91;112m─[0m[2;38;2;88;91;112m─[0m[2;38;2;88;91;112m─[0m[2;38;2;88;91;112m─[0m[2;38;2;88;91;112m─[0m[2;38;2;88;91;112m─[0m[2;38;2;88;91;112m─[0m[38;2;137;179;250m─[0m[38;2;137;220;235m─[0m[38;2;203;166;247m─[0m[38;2;137;179;250m─[0m[38;2;137;220;235m─[0m[38;2;203;166;247m─[0m[38;2;137;179;250m─[0m[38;2;137;220;235m─[0m[2;38;2;88;91;112m─[0m[2;38;2;88;91;112m─[0m[2;38;2;88;91;112m─[0m[2;38;2;88;91;112m─[0m[2;38;2;88;91;112m─[0m[2;38;2;88;91;112m─[0m[2;38;2;88;91;112m─[0m[2;38;2;88;91;112m─[0m[2;38;2;88;91;112m─[0m[2;38;2;88;91;112m─[0m[2;38;2;88;91;112m─[0m[2;38;2;88;91;112m─[0m[2;38;2;88;91;112m─[0m[2;38;2;88;91;112m─[0m[2;38;2;88;91;112m─[0m[2;38;2;88;91;112m─[0m[2;38;2;88;91;112m─[0m[2;38;2;88;91;112m─[0m[2;38;2;88;91;112m─[0m[2;38;2;88;91;112m─[0m[2;38;2;88;91;112m─[0m[2;38;2;88;91;112m─[0m[2;38;2;88;91;112m─[0m[2;38;2;88;91;112m─[0m[2;38;2;88;91;112m─[0m[2;38;2;88;91;112m─[0m[2;38;2;88;91;112m─[0m[2;38;2;88;91;112m─[0m[2;38;2;88;91;112m─[0m[2;38;2;88;91;112m─[0m[2;38;2;88;91;112m─[0m[2;38;2;88;91;112m─[0m[2;38;2;88;91;112m─[0m[2;38;2;88;91;112m─[0m[2;38;2;88;91;112m─[0m[2;38;2;88;91;112m─[0m[2;38;2;88;91;112m─[0m[2;38;2;88;91;112m─[0m[2;38;2;88;91;112m─[0m[2;38;2;88;91;112m─[0m[2;38;2;88;91;112m─[0m[2;38;2;88;91;112m─[0m[2;38;2;88;91;112m─[0m[2;38;2;88;91;112m─[0m[2;38;2;88;91;112m─[0m[2;38;2;88;91;112m─[0m[2;38;2;88;91;112m─[0m[2;38;2;88;91;112m─[0m[2;38;2;88;91;112m─[0m




















[24;H[H
[38;2;166;173;200m[38;2;203;166;247m⣾[0m Cheatsheets + keybindings (matches manager)[0m                                   
[2;38;2;88;91;112m─[0m[2;38;2;88;91;112m─[0m[2;38;2;88;91;112m─[0m[2;38;2;88;91;112m─[0m[2;38;2;88;91;112m─[0m[2;38;2;88;91;112m─[0m[2;38;2;88;91;112m─[0m[2;38;2;88;91;112m─[0m[2;38;2;88;91;112m─[0m[2;38;2;88;91;112m─[0m[2;38;2;88;91;112m─[0m[2;38;2;88;91;112m─[0m[2;38;2;88;91;112m─[0m[2;38;2;88;91;112m─[0m[2;38;2;88;91;112m─[0m[2;38;2;88;91;112m─[0m[2;38;2;88;91;112m─[0m[2;38;2;88;91;112m─[0m[2;38;2;88;91;112m─[0m[2;38;2;88;91;112m─[0m[2;38;2;88;91;112m─[0m[2;38;2;88;91;112m─[0m[2;38;2;88;91;112m─[0m[2;38;2;88;91;112m─[0m[38;2;203;166;247m─[0m[38;2;137;179;250m─[0m[38;2;137;220;235m─[0m[38;2;203;166;247m─[0m[38;2;137;179;250m─[0m[38;2;137;220;235m─[0m[38;2;203;166;247m─[0m[38;2;137;179;250m─[0m[2;38;2;88;91;112m─[0m[2;38;2;88;91;112m─[0m[2;38;2;88;91;112m─[0m[2;38;2;88;91;112m─[0m[2;38;2;88;91;112m─[0m[2;38;2;88;91;112m─[0m[2;38;2;88;91;112m─[0m[2;38;2;88;91;112m─[0m[2;38;2;88;91;112m─[0m[2;38;2;88;91;112m─[0m[2;38;2;88;91;112m─[0m[2;38;2;88;91;112m─[0m[2;38;2;88;91;112m─[0m[2;38;2;88;91;112m─[0m[2;38;2;88;91;112m─[0m[2;38;2;88;91;112m─[0m[2;38;2;88;91;112m─[0m[2;38;2;88;91;112m─[0m[2;38;2;88;91;112m─[0m[2;38;2;88;91;112m─[0m[2;38;2;88;91;112m─[0m[2;38;2;88;91;112m─[0m[2;38;2;88;91;112m─[0m[2;38;2;88;91;112m─[0m[2;38;2;88;91;112m─[0m[2;38;2;88;91;112m─[0m[2;38;2;88;91;112m─[0m[2;38;2;88;91;112m─[0m[2;38;2;88;91;112m─[0m[2;38;2;88;91;112m─[0m[2;38;2;88;91;112m─[0m[2;38;2;88;91;112m─[0m[2;38;2;88;91;112m─[0m[2;38;2;88;91;112m─[0m[2;38;2;88;91;112m─[0m[2;38;2;88;91;112m─[0m[2;38;2;88;91;112m─[0m[2;38;2;88;91;112m─[0m[2;38;2;88;91;112m─[0m[2;38;2;88;91;112m─[0m[2;38;2;88;91;112m─[0m[2;38;2;88;91;112m─[0m[2;38;2;88;91;112m─[0m[2;38;2;88;91;112m─[0m[2;38;2;88;91;112m─[0m[2;38;2;88;91;112m─[0m[2;38;2;88;91;112m─[0m[2;38;2;88;91;112m─[0m




















[24;H[H

[2;38;2;88;91;112m─[0m[2;38;2;88;91;112m─[0m[2;38;2;88;91;112m─[0m[2;38;2;88;91;112m─[0m[2;38;2;88;91;112m─[0m[2;38;2;88;91;112m─[0m[2;38;2;88;91;112m─[0m[2;38;2;88;91;112m─[0m[2;38;2;88;91;112m─[0m[2;38;2;88;91;112m─[0m[2;38;2;88;91;112m─[0m[2;38;2;88;91;112m─[0m[2;38;2;88;91;112m─[0m[2;38;2;88;91;112m─[0m[2;38;2;88;91;112m─[0m[2;38;2;88;91;112m─[0m[2;38;2;88;91;112m─[0m[2;38;2;88;91;112m─[0m[2;38;2;88;91;112m─[0m[2;38;2;88;91;112m─[0m[2;38;2;88;91;112m─[0m[2;38;2;88;91;112m─[0m[2;38;2;88;91;112m─[0m[2;38;2;88;91;112m─[0m[2;38;2;88;91;112m─[0m[38;2;137;220;235m─[0m[38;2;203;166;247m─[0m[38;2;137;179;250m─[0m[38;2;137;220;235m─[0m[38;2;203;166;247m─[0m[38;2;137;179;250m─[0m[38;2;137;220;235m─[0m[38;2;203;166;247m─[0m[2;38;2;88;91;112m─[0m[2;38;2;88;91;112m─[0m[2;38;2;88;91;112m─[0m[2;38;2;88;91;112m─[0m[2;38;2;88;91;112m─[0m[2;38;2;88;91;112m─[0m[2;38;2;88;91;112m─[0m[2;38;2;88;91;112m─[0m[2;38;2;88;91;112m─[0m[2;38;2;88;91;112m─[0m[2;38;2;88;91;112m─[0m[2;38;2;88;91;112m─[0m[2;38;2;88;91;112m─[0m[2;38;2;88;91;112m─[0m[2;38;2;88;91;112m─[0m[2;38;2;88;91;112m─[0m[2;38;2;88;91;112m─[0m[2;38;2;88;91;112m─[0m[2;38;2;88;91;112m─[0m[2;38;2;88;91;112m─[0m[2;38;2;88;91;112m─[0m[2;38;2;88;91;112m─[0m[2;38;2;88;91;112m─[0m[2;38;2;88;91;112m─[0m[2;38;2;88;91;112m─[0m[2;38;2;88;91;112m─[0m[2;38;2;88;91;112m─[0m[2;38;2;88;91;112m─[0m[2;38;2;88;91;112m─[0m[2;38;2;88;91;112m─[0m[2;38;2;88;91;112m─[0m[2;38;2;88;91;112m─[0m[2;38;2;88;91;112m─[0m[2;38;2;88;91;112m─[0m[2;38;2;88;91;112m─[0m[2;38;2;88;91;112m─[0m[2;38;2;88;91;112m─[0m[2;38;2;88;91;112m─[0m[2;38;2;88;91;112m─[0m[2;38;2;88;91;112m─[0m[2;38;2;88;91;112m─[0m[2;38;2;88;91;112m─[0m[2;38;2;88;91;112m─[0m[2;38;2;88;91;112m─[0m[2;38;2;88;91;112m─[0m[2;38;2;88;91;112m─[0m[2;38;2;88;91;112m─[0m




















[24;H[H
[38;2;166;173;200m[38;2;203;166;247m⣽[0m Cheatsheets + keybindings (matches manager)[0m                                   
[2;38;2;88;91;112m─[0m[2;38;2;88;91;112m─[0m[2;38;2;88;91;112m─[0m[2;38;2;88;91;112m─[0m[2;38;2;88;91;112m─[0m[2;38;2;88;91;112m─[0m[2;38;2;88;91;112m─[0m[2;38;2;88;91;112m─[0m[2;38;2;88;91;112m─[0m[2;38;2;88;91;112m─[0m[2;38;2;88;91;112m─[0m[2;38;2;88;91;112m─[0m[2;38;2;88;91;112m─[0m[2;38;2;88;91;112m─[0m[2;38;2;88;91;112m─[0m[2;38;2;88;91;112m─[0m[2;38;2;88;91;112m─[0m[2;38;2;88;91;112m─[0m[2;38;2;88;91;112m─[0m[2;38;2;88;91;112m─[0m[2;38;2;88;91;112m─[0m[2;38;2;88;91;112m─[0m[2;38;2;88;91;112m─[0m[2;38;2;88;91;112m─[0m[2;38;2;88;91;112m─[0m[2;38;2;88;91;112m─[0m[38;2;137;179;250m─[0m[38;2;137;220;235m─[0m[38;2;203;166;247m─[0m[38;2;137;179;250m─[0m[38;2;137;220;235m─[0m[38;2;203;166;247m─[0m[38;2;137;179;250m─[0m[38;2;137;220;235m─[0m[2;38;2;88;91;112m─[0m[2;38;2;88;91;112m─[0m[2;38;2;88;91;112m─[0m[2;38;2;88;91;112m─[0m[2;38;2;88;91;112m─[0m[2;38;2;88;91;112m─[0m[2;38;2;88;91;112m─[0m[2;38;2;88;91;112m─[0m[2;38;2;88;91;112m─[0m[2;38;2;88;91;112m─[0m[2;38;2;88;91;112m─[0m[2;38;2;88;91;112m─[0m[2;38;2;88;91;112m─[0m[2;38;2;88;91;112m─[0m[2;38;2;88;91;112m─[0m[2;38;2;88;91;112m─[0m[2;38;2;88;91;112m─[0m[2;38;2;88;91;112m─[0m[2;38;2;88;91;112m─[0m[2;38;2;88;91;112m─[0m[2;38;2;88;91;112m─[0m[2;38;2;88;91;112m─[0m[2;38;2;88;91;112m─[0m[2;38;2;88;91;112m─[0m[2;38;2;88;91;112m─[0m[2;38;2;88;91;112m─[0m[2;38;2;88;91;112m─[0m[2;38;2;88;91;112m─[0m[2;38;2;88;91;112m─[0m[2;38;2;88;91;112m─[0m[2;38;2;88;91;112m─[0m[2;38;2;88;91;112m─[0m[2;38;2;88;91;112m─[0m[2;38;2;88;91;112m─[0m[2;38;2;88;91;112m─[0m[2;38;2;88;91;112m─[0m[2;38;2;88;91;112m─[0m[2;38;2;88;91;112m─[0m[2;38;2;88;91;112m─[0m[2;38;2;88;91;112m─[0m[2;38;2;88;91;112m─[0m[2;38;2;88;91;112m─[0m[2;38;2;88;91;112m─[0m[2;38;2;88;91;112m─[0m[2;38;2;88;91;112m─[0m[2;38;2;88;91;112m─[0m




















[24;H[H

[2;38;2;88;91;112m─[0m[2;38;2;88;91;112m─[0m[2;38;2;88;91;112m─[0m[2;38;2;88;91;112m─[0m[2;38;2;88;91;112m─[0m[2;38;2;88;91;112m─[0m[2;38;2;88;91;112m─[0m[2;38;2;88;91;112m─[0m[2;38;2;88;91;112m─[0m[2;38;2;88;91;112m─[0m[2;38;2;88;91;112m─[0m[2;38;2;88;91;112m─[0m[2;38;2;88;91;112m─[0m[2;38;2;88;91;112m─[0m[2;38;2;88;91;112m─[0m[2;38;2;88;91;112m─[0m[2;38;2;88;91;112m─[0m[2;38;2;88;91;112m─[0m[2;38;2;88;91;112m─[0m[2;38;2;88;91;112m─[0m[2;38;2;88;91;112m─[0m[2;38;2;88;91;112m─[0m[2;38;2;88;91;112m─[0m[2;38;2;88;91;112m─[0m[2;38;2;88;91;112m─[0m[2;38;2;88;91;112m─[0m[2;38;2;88;91;112m─[0m[38;2;203;166;247m─[0m[38;2;137;179;250m─[0m[38;2;137;220;235m─[0m[38;2;203;166;247m─[0m[38;2;137;179;250m─[0m[38;2;137;220;235m─[0m[38;2;203;166;247m─[0m[38;2;137;179;250m─[0m[2;38;2;88;91;112m─[0m[2;38;2;88;91;112m─[0m[2;38;2;88;91;112m─[0m[2;38;2;88;91;112m─[0m[2;38;2;88;91;112m─[0m[2;38;2;88;91;112m─[0m[2;38;2;88;91;112m─[0m[2;38;2;88;91;112m─[0m[2;38;2;88;91;112m─[0m[2;38;2;88;91;112m─[0m[2;38;2;88;91;112m─[0m[2;38;2;88;91;112m─[0m[2;38;2;88;91;112m─[0m[2;38;2;88;91;112m─[0m[2;38;2;88;91;112m─[0m[2;38;2;88;91;112m─[0m[2;38;2;88;91;112m─[0m[2;38;2;88;91;112m─[0m[2;38;2;88;91;112m─[0m[2;38;2;88;91;112m─[0m[2;38;2;88;91;112m─[0m[2;38;2;88;91;112m─[0m[2;38;2;88;91;112m─[0m[2;38;2;88;91;112m─[0m[2;38;2;88;91;112m─[0m[2;38;2;88;91;112m─[0m[2;38;2;88;91;112m─[0m[2;38;2;88;91;112m─[0m[2;38;2;88;91;112m─[0m[2;38;2;88;91;112m─[0m[2;38;2;88;91;112m─[0m[2;38;2;88;91;112m─[0m[2;38;2;88;91;112m─[0m[2;38;2;88;91;112m─[0m[2;38;2;88;91;112m─[0m[2;38;2;88;91;112m─[0m[2;38;2;88;91;112m─[0m[2;38;2;88;91;112m─[0m[2;38;2;88;91;112m─[0m[2;38;2;88;91;112m─[0m[2;38;2;88;91;112m─[0m[2;38;2;88;91;112m─[0m[2;38;2;88;91;112m─[0m[2;38;2;88;91;112m─[0m[2;38;2;88;91;112m─[0m




















[24;H[H[48;2;48;50;68m [0m[38;2;166;173;200;48;2;48;50;68m1 󰒓 Manage[0m[48;2;48;50;68m [0m[38;2;88;91;112m [0m[48;2;48;50;68m [0m[38;2;166;173;200;48;2;48;50;68m2 󰀄 Users[0m[48;2;48;50;68m [0m[38;2;88;91;112m [0m[48;2;48;50;68m [0m[38;2;166;173;200;48;2;48;50;68m3 󰌌 Hotkeys[0m[48;2;48;50;68m [0m[38;2;88;91;112m [0m[48;2;137;179;250m [0m[1;38;2;30;30;46;48;2;137;179;250m4 󰚰 Update[0m[48;2;137;179;250m [0m[38;2;88;91;112m [0m[48;2;48;50;68m [0m[38;2;166;173;200;48;2;48;50;68m5 󰁯 Backups[0m[48;2;48;50;68m [0m               
                                                                                
 [1;38;2;137;179;250mPackage Updates[0m                                                                
                                                                                
[38;2;243;139;168mError: no package managers available[0m                                            
                                                                                
                                                                                
[38;2;166;173;200mr refresh • 1-4 switch tabs • esc menu • q quit[0m                                 
                                                                                
                                                                                
                                                                                
                                                                                
                                                                                
                                                                                
                                                                                
                                                                                
                                                                                
                                                                                
                                                                                
                                                                                
                                                                                
                                                                                
                                                                                
                                                                                [24;H[H[48;2;48;50;68m [0m[38;2;166;173;200;48;2;48;50;68m1 󰒓 Manage[0m[48;2;48;50;68m [0m[38;2;88;91;112m [0m[48;2;48;50;68m [0m[38;2;166;173;200;48;2;48;50;68m2 󰀄 Users[0m[48;2;48;50;68m [0m[38;2;88;91;112m [0m[48;2;48;50;68m [0m[38;2;166;173;200;48;2;48;50;68m3 󰌌 Hotkeys[0m[48;2;48;50;68m [0m[38;2;88;91;112m [0m[48;2;48;50;68m [0m[38;2;166;173;200;48;2;48;50;68m4 󰚰 Update[0m[48;2;48;50;68m [0m[38;2;88;91;112m [0m[48;2;137;179;250m [0m[1;38;2;30;30;46;48;2;137;179;250m5 󰁯 Backups[0m[48;2;137;179;250m [0m               

 [1;38;2;137;179;250mBackups[0m                                                                        
[38;2;166;173;200m0 backup(s) available[0m                                                           
                                                                                
[38;2;166;173;200mNo backups found.[0m                                                               
[38;2;166;173;200m[0m                                                                                
[38;2;166;173;200mPress 'n' to create a new backup.[0m                                               


[38;2;166;173;200mn new backup • r refresh • 1-4 switch tabs • esc menu • q quit[0m                  












[24;H[H



[38;2;249;226;175mCreating backup...[0m                                                              
                                                                                
[38;2;166;173;200mNo backups found.[0m                                                               
[38;2;166;173;200m[0m                                                                                
[38;2;166;173;200mPress 'n' to create a new backup.[0m                                               

                                                                                
[38;2;166;173;200mcreating backup... please wait[0m                                                  











[24;H[H                                                                                
 [1;38;2;137;179;250mBackups[0m                                                                        
[38;2;166;173;200m1 backup(s) available[0m                                                           
[38;2;166;227;161mCreated backup: 2026-09-05_21-56-12[0m                                             
                                                                                
[38;2;88;91;112m╭──────────────────────────────────────────────────────────────────────╮[0m        
[38;2;88;91;112m│[0m [1;38;2;203;166;247m   NAME                     DATE              FILES     SIZE[0m         [38;2;88;91;112m│[0m        
[38;2;88;91;112m│[0m [1;38;2;203;166;247m   ------------------------ ---------------- ------ --------[0m         [38;2;88;91;112m│[0m        
[38;2;88;91;112m│[0m [1;38;2;137;179;250m> [0m[1;38;2;137;179;250m2026-09-05_21-56-12[0m [38;2;205;214;243mSep 05 21:56    [0m [38;2;137;179;250m     8[0m [38;2;249;226;175m   178 B[0m               [38;2;88;91;112m│[0m        
[38;2;88;91;112m╰──────────────────────────────────────────────────────────────────────╯[0m        
                                                                                
[38;2;88;91;112m╭──────────────────────────────────────────────────────────────────────╮[0m        
[38;2;88;91;112m│[0m [1;38;2;203;166;247mDETAILS[0m                                                              [38;2;88;91;112m│[0m        
[38;2;88;91;112m│[0m                                                                      [38;2;88;91;112m│[0m        
[38;2;88;91;112m│[0m [38;2;166;173;200mName:[0m [38;2;205;214;243m2026-09-05_21-56-12[0m                                            [38;2;88;91;112m│[0m        
[38;2;88;91;112m│[0m [38;2;166;173;200mDate:[0m [38;2;205;214;243m2026-09-05 21:56:12[0m                                            [38;2;88;91;112m│[0m        
[38;2;88;91;112m│[0m [38;2;166;173;200mFiles:[0m 8                                                             [38;2;88;91;112m│[0m        
[38;2;88;91;112m│[0m [38;2;166;173;200mSize:[0m 178 B                                                          [38;2;88;91;112m│[0m        
[38;2;88;91;112m│[0m [38;2;166;173;200mPath:[0m [38;2;166;173;200m/var/folders/nj/yy_m0fqn0h17kjf0nq779nh…[0m                       [38;2;88;91;112m│[0m        
[38;2;88;91;112m╰──────────────────────────────────────────────────────────────────────╯[0m        
                                                                                
                                                                                
[38;2;166;173;200mup/down navigate • enter restore • d delete • n new backup • r refresh • esc men[0m
                                                                                [24;H[H                                                                                
 [1;38;2;137;179;250mBackups[0m                                                                        
[38;2;166;173;200m1 backup(s) available[0m                                                           
[1;38;2;203;166;247mRestore backup '2026-09-05_21-56-12'? (y/n)[0m                                     
                                                                                
[38;2;203;166;247m╭──────────────────────────────────────────────────────────────────────╮[0m        
[38;2;203;166;247m│[0m [1;38;2;203;166;247m   NAME                     DATE              FILES     SIZE[0m         [38;2;203;166;247m│[0m        
[38;2;203;166;247m│[0m [1;38;2;203;166;247m   ------------------------ ---------------- ------ --------[0m         [38;2;203;166;247m│[0m        
[38;2;203;166;247m│[0m [1;38;2;137;179;250m> [0m[1;38;2;137;179;250m2026-09-05_21-56-12[0m [38;2;205;214;243mSep 05 21:56    [0m [38;2;137;179;250m     8[0m [38;2;249;226;175m   178 B[0m               [38;2;203;166;247m│[0m        
[38;2;203;166;247m╰──────────────────────────────────────────────────────────────────────╯[0m        
                                                                                
[38;2;88;91;112m╭──────────────────────────────────────────────────────────────────────╮[0m        
[38;2;88;91;112m│[0m [1;38;2;203;166;247mDETAILS[0m                                                              [38;2;88;91;112m│[0m        
[38;2;88;91;112m│[0m                                                                      [38;2;88;91;112m│[0m        
[38;2;88;91;112m│[0m [38;2;166;173;200mName:[0m [38;2;205;214;243m2026-09-05_21-56-12[0m                                            [38;2;88;91;112m│[0m        
[38;2;88;91;112m│[0m [38;2;166;173;200mDate:[0m [38;2;205;214;243m2026-09-05 21:56:12[0m                                            [38;2;88;91;112m│[0m        
[38;2;88;91;112m│[0m [38;2;166;173;200mFiles:[0m 8                                                             [38;2;88;91;112m│[0m        
[38;2;88;91;112m│[0m [38;2;166;173;200mSize:[0m 178 B                                                          [38;2;88;91;112m│[0m        
[38;2;88;91;112m│[0m [38;2;166;173;200mPath:[0m [38;2;166;173;200m/var/folders/nj/yy_m0fqn0h17kjf0nq779nh…[0m                       [38;2;88;91;112m│[0m        
[38;2;88;91;112m╰──────────────────────────────────────────────────────────────────────╯[0m        
                                                                                
                                                                                
[38;2;166;173;200my confirm • n cancel[0m                                                            
                                                                                [24;H[H[48;2;48;50;68m [0m[38;2;166;173;200;48;2;48;50;68m1 󰒓 Manage[0m[48;2;48;50;68m [0m[38;2;88;91;112m [0m[48;2;48;50;68m [0m[38;2;166;173;200;48;2;48;50;68m2 󰀄 Users[0m[48;2;48;50;68m [0m[38;2;88;91;112m [0m[48;2;48;50;68m [0m[38;2;166;173;200;48;2;48;50;68m3 󰌌 Hotkeys[0m[48;2;48;50;68m [0m[38;2;88;91;112m [0m[48;2;48;50;68m [0m[38;2;166;173;200;48;2;48;50;68m4 󰚰 Update[0m[48;2;48;50;68m [0m[38;2;88;91;112m [0m[48;2;137;179;250m [0m[1;38;2;30;30;46;48;2;137;179;250m5 󰁯 Backups[0m[48;2;137;179;250m [0m               
                                                                                
 [1;38;2;137;179;250mBackups[0m                                                                        
[38;2;166;173;200m1 backup(s) available[0m                                                           
                                                                                
[38;2;88;91;112m╭──────────────────────────────────────────────────────────────────────╮[0m        
[38;2;88;91;112m│[0m [1;38;2;203;166;247m   NAME                     DATE              FILES     SIZE[0m         [38;2;88;91;112m│[0m        
[38;2;88;91;112m│[0m [1;38;2;203;166;247m   ------------------------ ---------------- ------ --------[0m         [38;2;88;91;112m│[0m        
[38;2;88;91;112m│[0m [1;38;2;137;179;250m> [0m[1;38;2;137;179;250m2026-09-05_21-56-12[0m [38;2;205;214;243mSep 05 21:56    [0m [38;2;137;179;250m     8[0m [38;2;249;226;175m   178 B[0m               [38;2;88;91;112m│[0m        
[38;2;88;91;112m╰──────────────────────────────────────────────────────────────────────╯[0m        
                                                                                
[38;2;88;91;112m╭──────────────────────────────────────────────────────────────────────╮[0m        
[38;2;88;91;112m│[0m [1;38;2;203;166;247mDETAILS[0m                                                              [38;2;88;91;112m│[0m        
[38;2;88;91;112m│[0m                                                                      [38;2;88;91;112m│[0m        
[38;2;88;91;112m│[0m [38;2;166;173;200mName:[0m [38;2;205;214;243m2026-09-05_21-56-12[0m                                            [38;2;88;91;112m│[0m        
[38;2;88;91;112m│[0m [38;2;166;173;200mDate:[0m [38;2;205;214;243m2026-09-05 21:56:12[0m                                            [38;2;88;91;112m│[0m        
[38;2;88;91;112m│[0m [38;2;166;173;200mFiles:[0m 8                                                             [38;2;88;91;112m│[0m        
[38;2;88;91;112m│[0m [38;2;166;173;200mSize:[0m 178 B                                                          [38;2;88;91;112m│[0m        
[38;2;88;91;112m│[0m [38;2;166;173;200mPath:[0m [38;2;166;173;200m/var/folders/nj/yy_m0fqn0h17kjf0nq779nh…[0m                       [38;2;88;91;112m│[0m        
[38;2;88;91;112m╰──────────────────────────────────────────────────────────────────────╯[0m        
                                                                                
                                                                                
[38;2;166;173;200mup/down navigate • enter restore • d delete • n new backup • r refresh • esc men[0m
                                                                                [24;H[H                                                                                
 [1;38;2;137;179;250mBackups[0m                                                                        
[38;2;166;173;200m1 backup(s) available[0m                                                           
[1;38;2;203;166;247mRestore backup '2026-09-05_21-56-12'? (y/n)[0m                                     
                                                                                
[38;2;203;166;247m╭──────────────────────────────────────────────────────────────────────╮[0m        
[38;2;203;166;247m│[0m [1;38;2;203;166;247m   NAME                     DATE              FILES     SIZE[0m         [38;2;203;166;247m│[0m        
[38;2;203;166;247m│[0m [1;38;2;203;166;247m   ------------------------ ---------------- ------ --------[0m         [38;2;203;166;247m│[0m        
[38;2;203;166;247m│[0m [1;38;2;137;179;250m> [0m[1;38;2;137;179;250m2026-09-05_21-56-12[0m [38;2;205;214;243mSep 05 21:56    [0m [38;2;137;179;250m     8[0m [38;2;249;226;175m   178 B[0m               [38;2;203;166;247m│[0m        
[38;2;203;166;247m╰──────────────────────────────────────────────────────────────────────╯[0m        
                                                                                
[38;2;88;91;112m╭──────────────────────────────────────────────────────────────────────╮[0m        
[38;2;88;91;112m│[0m [1;38;2;203;166;247mDETAILS[0m                                                              [38;2;88;91;112m│[0m        
[38;2;88;91;112m│[0m                                                                      [38;2;88;91;112m│[0m        
[38;2;88;91;112m│[0m [38;2;166;173;200mName:[0m [38;2;205;214;243m2026-09-05_21-56-12[0m                                            [38;2;88;91;112m│[0m        
[38;2;88;91;112m│[0m [38;2;166;173;200mDate:[0m [38;2;205;214;243m2026-09-05 21:56:12[0m                                            [38;2;88;91;112m│[0m        
[38;2;88;91;112m│[0m [38;2;166;173;200mFiles:[0m 8                                                             [38;2;88;91;112m│[0m        
[38;2;88;91;112m│[0m [38;2;166;173;200mSize:[0m 178 B                                                          [38;2;88;91;112m│[0m        
[38;2;88;91;112m│[0m [38;2;166;173;200mPath:[0m [38;2;166;173;200m/var/folders/nj/yy_m0fqn0h17kjf0nq779nh…[0m                       [38;2;88;91;112m│[0m        
[38;2;88;91;112m╰──────────────────────────────────────────────────────────────────────╯[0m        
                                                                                
                                                                                
[38;2;166;173;200my confirm • n cancel[0m                                                            
                                                                                [24;H[H





















[38;2;166;173;200mplease wait...[0m                                                                  
[24;H[H                                                                                
 [1;38;2;137;179;250mBackups[0m                                                                        
[38;2;166;173;200m1 backup(s) available[0m                                                           
[38;2;166;227;161mRestored 8 files from 2026-09-05_21-56-12[0m                                       
                                                                                
[38;2;88;91;112m╭──────────────────────────────────────────────────────────────────────╮[0m        
[38;2;88;91;112m│[0m [1;38;2;203;166;247m   NAME                     DATE              FILES     SIZE[0m         [38;2;88;91;112m│[0m        
[38;2;88;91;112m│[0m [1;38;2;203;166;247m   ------------------------ ---------------- ------ --------[0m         [38;2;88;91;112m│[0m        
[38;2;88;91;112m│[0m [1;38;2;137;179;250m> [0m[1;38;2;137;179;250m2026-09-05_21-56-12[0m [38;2;205;214;243mSep 05 21:56    [0m [38;2;137;179;250m     8[0m [38;2;249;226;175m   178 B[0m               [38;2;88;91;112m│[0m        
[38;2;88;91;112m╰──────────────────────────────────────────────────────────────────────╯[0m        
                                                                                
[38;2;88;91;112m╭──────────────────────────────────────────────────────────────────────╮[0m        
[38;2;88;91;112m│[0m [1;38;2;203;166;247mDETAILS[0m                                                              [38;2;88;91;112m│[0m        
[38;2;88;91;112m│[0m                                                                      [38;2;88;91;112m│[0m        
[38;2;88;91;112m│[0m [38;2;166;173;200mName:[0m [38;2;205;214;243m2026-09-05_21-56-12[0m                                            [38;2;88;91;112m│[0m        
[38;2;88;91;112m│[0m [38;2;166;173;200mDate:[0m [38;2;205;214;243m2026-09-05 21:56:12[0m                                            [38;2;88;91;112m│[0m        
[38;2;88;91;112m│[0m [38;2;166;173;200mFiles:[0m 8                                                             [38;2;88;91;112m│[0m        
[38;2;88;91;112m│[0m [38;2;166;173;200mSize:[0m 178 B                                                          [38;2;88;91;112m│[0m        
[38;2;88;91;112m│[0m [38;2;166;173;200mPath:[0m [38;2;166;173;200m/var/folders/nj/yy_m0fqn0h17kjf0nq779nh…[0m                       [38;2;88;91;112m│[0m        
[38;2;88;91;112m╰──────────────────────────────────────────────────────────────────────╯[0m        
                                                                                
                                                                                
[38;2;166;173;200mup/down navigate • enter restore • d delete • n new backup • r refresh • esc men[0m
                                                                                [24;H[H                                                                                
 [1;38;2;137;179;250mBackups[0m                                                                        
[38;2;166;173;200m1 backup(s) available[0m                                                           
[1;38;2;203;166;247mDelete backup '2026-09-05_21-56-12'? (y/n)[0m                                      
                                                                                
[38;2;203;166;247m╭──────────────────────────────────────────────────────────────────────╮[0m        
[38;2;203;166;247m│[0m [1;38;2;203;166;247m   NAME                     DATE              FILES     SIZE[0m         [38;2;203;166;247m│[0m        
[38;2;203;166;247m│[0m [1;38;2;203;166;247m   ------------------------ ---------------- ------ --------[0m         [38;2;203;166;247m│[0m        
[38;2;203;166;247m│[0m [1;38;2;137;179;250m> [0m[1;38;2;137;179;250m2026-09-05_21-56-12[0m [38;2;205;214;243mSep 05 21:56    [0m [38;2;137;179;250m     8[0m [38;2;249;226;175m   178 B[0m               [38;2;203;166;247m│[0m        
[38;2;203;166;247m╰──────────────────────────────────────────────────────────────────────╯[0m        
                                                                                
[38;2;88;91;112m╭──────────────────────────────────────────────────────────────────────╮[0m        
[38;2;88;91;112m│[0m [1;38;2;203;166;247mDETAILS[0m                                                              [38;2;88;91;112m│[0m        
[38;2;88;91;112m│[0m                                                                      [38;2;88;91;112m│[0m        
[38;2;88;91;112m│[0m [38;2;166;173;200mName:[0m [38;2;205;214;243m2026-09-05_21-56-12[0m                                            [38;2;88;91;112m│[0m        
[38;2;88;91;112m│[0m [38;2;166;173;200mDate:[0m [38;2;205;214;243m2026-09-05 21:56:12[0m                                            [38;2;88;91;112m│[0m        
[38;2;88;91;112m│[0m [38;2;166;173;200mFiles:[0m 8                                                             [38;2;88;91;112m│[0m        
[38;2;88;91;112m│[0m [38;2;166;173;200mSize:[0m 178 B                                                          [38;2;88;91;112m│[0m        
[38;2;88;91;112m│[0m [38;2;166;173;200mPath:[0m [38;2;166;173;200m/var/folders/nj/yy_m0fqn0h17kjf0nq779nh…[0m                       [38;2;88;91;112m│[0m        
[38;2;88;91;112m╰──────────────────────────────────────────────────────────────────────╯[0m        
                                                                                
                                                                                
[38;2;166;173;200my confirm • n cancel[0m                                                            
                                                                                [24;H[H[48;2;48;50;68m [0m[38;2;166;173;200;48;2;48;50;68m1 󰒓 Manage[0m[48;2;48;50;68m [0m[38;2;88;91;112m [0m[48;2;48;50;68m [0m[38;2;166;173;200;48;2;48;50;68m2 󰀄 Users[0m[48;2;48;50;68m [0m[38;2;88;91;112m [0m[48;2;48;50;68m [0m[38;2;166;173;200;48;2;48;50;68m3 󰌌 Hotkeys[0m[48;2;48;50;68m [0m[38;2;88;91;112m [0m[48;2;48;50;68m [0m[38;2;166;173;200;48;2;48;50;68m4 󰚰 Update[0m[48;2;48;50;68m [0m[38;2;88;91;112m [0m[48;2;137;179;250m [0m[1;38;2;30;30;46;48;2;137;179;250m5 󰁯 Backups[0m[48;2;137;179;250m [0m               
                                                                                
 [1;38;2;137;179;250mBackups[0m                                                                        
[38;2;166;173;200m1 backup(s) available[0m                                                           
                                                                                
[38;2;88;91;112m╭──────────────────────────────────────────────────────────────────────╮[0m        
[38;2;88;91;112m│[0m [1;38;2;203;166;247m   NAME                     DATE              FILES     SIZE[0m         [38;2;88;91;112m│[0m        
[38;2;88;91;112m│[0m [1;38;2;203;166;247m   ------------------------ ---------------- ------ --------[0m         [38;2;88;91;112m│[0m        
[38;2;88;91;112m│[0m [1;38;2;137;179;250m> [0m[1;38;2;137;179;250m2026-09-05_21-56-12[0m [38;2;205;214;243mSep 05 21:56    [0m [38;2;137;179;250m     8[0m [38;2;249;226;175m   178 B[0m               [38;2;88;91;112m│[0m        
[38;2;88;91;112m╰──────────────────────────────────────────────────────────────────────╯[0m        
                                                                                
[38;2;88;91;112m╭──────────────────────────────────────────────────────────────────────╮[0m        
[38;2;88;91;112m│[0m [1;38;2;203;166;247mDETAILS[0m                                                              [38;2;88;91;112m│[0m        
[38;2;88;91;112m│[0m                                                                      [38;2;88;91;112m│[0m        
[38;2;88;91;112m│[0m [38;2;166;173;200mName:[0m [38;2;205;214;243m2026-09-05_21-56-12[0m                                            [38;2;88;91;112m│[0m        
[38;2;88;91;112m│[0m [38;2;166;173;200mDate:[0m [38;2;205;214;243m2026-09-05 21:56:12[0m                                            [38;2;88;91;112m│[0m        
[38;2;88;91;112m│[0m [38;2;166;173;200mFiles:[0m 8                                                             [38;2;88;91;112m│[0m        
[38;2;88;91;112m│[0m [38;2;166;173;200mSize:[0m 178 B                                                          [38;2;88;91;112m│[0m        
[38;2;88;91;112m│[0m [38;2;166;173;200mPath:[0m [38;2;166;173;200m/var/folders/nj/yy_m0fqn0h17kjf0nq779nh…[0m                       [38;2;88;91;112m│[0m        
[38;2;88;91;112m╰──────────────────────────────────────────────────────────────────────╯[0m        
                                                                                
                                                                                
[38;2;166;173;200mup/down navigate • enter restore • d delete • n new backup • r refresh • esc men[0m
                                                                                [24;H[H[38;2;88;91;112m╭───────────────────────────────────────[0m
[38;2;88;91;112m│[0m [1;38;2;203;166;247mDETAILS[0m                               [38;2;88;91;112m[0m
[38;2;88;91;112m│[0m                                       [38;2;88;91;112m[0m
[38;2;88;91;112m│[0m [38;2;166;173;200mName:[0m [38;2;205;214;243m2026-09-05_21-56-12[0m             [38;2;88;91;112m[0m
[38;2;88;91;112m│[0m [38;2;166;173;200mDate:[0m [38;2;205;214;243m2026-09-05 21:56:12[0m             [38;2;88;91;112m[0m
[38;2;88;91;112m│[0m [38;2;166;173;200mFiles:[0m 8                              [38;2;88;91;112m[0m
[38;2;88;91;112m│[0m [38;2;166;173;200mSize:[0m 178 B                           [38;2;88;91;112m[0m
[38;2;88;91;112m│[0m [38;2;166;173;200mPath:[0m                                 [38;2;88;91;112m[0m
[38;2;88;91;112m│[0m [38;2;166;173;200m/var/folders/nj/yy_m0fqn0h17kjf0nq779n[0m[38;2;88;91;112m[0m
[38;2;88;91;112m╰───────────────────────────────────────[0m
                                        
                                        
[38;2;166;173;200mup/down navigate • enter restore • d del[0m
                                        [J[14;H[H[48;2;48;50;68m [0m[38;2;166;173;200;48;2;48;50;68m1 󰒓 Manage[0m[48;2;48;50;68m [0m[38;2;88;91;112m [0m[48;2;48;50;68m [0m[38;2;166;173;200;48;2;48;50;68m2 󰀄 Users[0m[48;2;48;50;68m [0m[38;2;88;91;112m [0m[48;2;48;50;68m [0m[38;2;166;173;200;48;2;48;50;68m3 󰌌 Hotkeys[0m[48;2;48;50;68m [0m[38;2;88;91;112m [0m[48;2;48;50;68m [0m[38;2;166;173;200;48;2;48;50;68m4 󰚰 Update[0m[48;2;48;50;68m [0m[38;2;88;91;112m [0m[48;2;137;179;250m [0m[1;38;2;30;30;46;48;2;137;179;250m5 󰁯 Backups[0m[48;2;137;179;250m [0m                                   
                                                                                                    
 [1;38;2;137;179;250mBackups[0m                                                                                            
[38;2;166;173;200m1 backup(s) available[0m                                                                               
                                                                                                    
[38;2;88;91;112m╭──────────────────────────────────────────────────────────────────────────────────────────╮[0m        
[38;2;88;91;112m│[0m [1;38;2;203;166;247m   NAME                     DATE              FILES     SIZE[0m                             [38;2;88;91;112m│[0m        
[38;2;88;91;112m│[0m [1;38;2;203;166;247m   ------------------------ ---------------- ------ --------[0m                             [38;2;88;91;112m│[0m        
[38;2;88;91;112m│[0m [1;38;2;137;179;250m> [0m[1;38;2;137;179;250m2026-09-05_21-56-12[0m [38;2;205;214;243mSep 05 21:56    [0m [38;2;137;179;250m     8[0m [38;2;249;226;175m   178 B[0m                                   [38;2;88;91;112m│[0m        
[38;2;88;91;112m╰──────────────────────────────────────────────────────────────────────────────────────────╯[0m        
                                                                                                    
[38;2;88;91;112m╭──────────────────────────────────────────────────────────────────────────────────────────╮[0m        
[38;2;88;91;112m│[0m [1;38;2;203;166;247mDETAILS[0m                                                                                  [38;2;88;91;112m│[0m        
[38;2;88;91;112m│[0m                                                                                          [38;2;88;91;112m│[0m        
[38;2;88;91;112m│[0m [38;2;166;173;200mName:[0m [38;2;205;214;243m2026-09-05_21-56-12[0m                                                                [38;2;88;91;112m│[0m        
[38;2;88;91;112m│[0m [38;2;166;173;200mDate:[0m [38;2;205;214;243m2026-09-05 21:56:12[0m                                                                [38;2;88;91;112m│[0m        
[38;2;88;91;112m│[0m [38;2;166;173;200mFiles:[0m 8                                                                                 [38;2;88;91;112m│[0m        
[38;2;88;91;112m│[0m [38;2;166;173;200mSize:[0m 178 B                                                                              [38;2;88;91;112m│[0m        
[38;2;88;91;112m│[0m [38;2;166;173;200mPath:[0m [38;2;166;173;200m/var/folders/nj/yy_m0fqn0h17kjf0nq779nh…[0m                                           [38;2;88;91;112m│[0m        
[38;2;88;91;112m╰──────────────────────────────────────────────────────────────────────────────────────────╯[0m        
                                                                                                    
                                                                                                    
[38;2;166;173;200mup/down navigate • enter restore • d delete • n new backup • r refresh • esc menu[0m                   
                                                                                                    
                                                                                                    
                                                                                                    
                                                                                                    
                                                                                                    
                                                                                                    
                                                                                                    
                                                                                                    
                                                                                                    [32;H[H[48;2;48;50;68m [0m[38;2;166;173;200;48;2;48;50;68m1 󰒓 Manage[0m[48;2;48;50;68m [0m[38;2;88;91;112m [0m[48;2;48;50;68m [0m[38;2;166;173;200;48;2;48;50;68m2 󰀄 Users[0m[48;2;48;50;68m [0m[38;2;88;91;112m [0m[48;2;48;50;68m [0m[38;2;166;173;200;48;2;48;50;68m3 󰌌 Hotkeys[0m[48;2;48;50;68m [0m[38;2;88;91;112m [0m[48;2;48;50;68m [0m[38;2;166;173;200;48;2;48;50;68m4 󰚰 Update[0m[48;2;48;50;68m [0m[38;2;88;91;112m [0m[48;2;137;179;250m [0m[1;38;2;30;30;46;48;2;137;179;250m5 󰁯 Backups[0m[48;2;137;179;250m [0m               
                                                                                
 [1;38;2;137;179;250mBackups[0m                                                                        
[38;2;166;173;200m1 backup(s) available[0m                                                           
                                                                                
[38;2;88;91;112m╭──────────────────────────────────────────────────────────────────────╮[0m        
[38;2;88;91;112m│[0m [1;38;2;203;166;247m   NAME                     DATE              FILES     SIZE[0m         [38;2;88;91;112m│[0m        
[38;2;88;91;112m│[0m [1;38;2;203;166;247m   ------------------------ ---------------- ------ --------[0m         [38;2;88;91;112m│[0m        
[38;2;88;91;112m│[0m [1;38;2;137;179;250m> [0m[1;38;2;137;179;250m2026-09-05_21-56-12[0m [38;2;205;214;243mSep 05 21:56    [0m [38;2;137;179;250m     8[0m [38;2;249;226;175m   178 B[0m               [38;2;88;91;112m│[0m        
[38;2;88;91;112m╰──────────────────────────────────────────────────────────────────────╯[0m        
                                                                                
[38;2;88;91;112m╭──────────────────────────────────────────────────────────────────────╮[0m        
[38;2;88;91;112m│[0m [1;38;2;203;166;247mDETAILS[0m                                                              [38;2;88;91;112m│[0m        
[38;2;88;91;112m│[0m                                                                      [38;2;88;91;112m│[0m        
[38;2;88;91;112m│[0m [38;2;166;173;200mName:[0m [38;2;205;214;243m2026-09-05_21-56-12[0m                                            [38;2;88;91;112m│[0m        
[38;2;88;91;112m│[0m [38;2;166;173;200mDate:[0m [38;2;205;214;243m2026-09-05 21:56:12[0m                                            [38;2;88;91;112m│[0m        
[38;2;88;91;112m│[0m [38;2;166;173;200mFiles:[0m 8                                                             [38;2;88;91;112m│[0m        
[38;2;88;91;112m│[0m [38;2;166;173;200mSize:[0m 178 B                                                          [38;2;88;91;112m│[0m        
[38;2;88;91;112m│[0m [38;2;166;173;200mPath:[0m [38;2;166;173;200m/var/folders/nj/yy_m0fqn0h17kjf0nq779nh…[0m                       [38;2;88;91;112m│[0m        
[38;2;88;91;112m╰──────────────────────────────────────────────────────────────────────╯[0m        
                                                                                
                                                                                
[38;2;166;173;200mup/down navigate • enter restore • d delete • n new backup • r refresh • esc men[0m
                                                                                [J[24;H[2K[?2004l[?25h[?1002l[?1003l[?1006l[?1049l[?25h